current directory: /Volumes/drive/lastsignal/vendor/bundle/ruby/3.4.0/gems/psych-5.3.1/ext/psych
/opt/homebrew/opt/ruby@3.4/bin/ruby extconf.rb
checking for pkg-config for yaml-0.1... ["-I/opt/homebrew/Cellar/libyaml/0.2.5/include ", "-L/opt/homebrew/Cellar/libyaml/0.2.5/lib", "-lyaml"]
creating Makefile

current directory: /Volumes/drive/lastsignal/vendor/bundle/ruby/3.4.0/gems/psych-5.3.1/ext/psych
make -j11 DESTDIR\= sitearchdir\=./.gem.20260203-70528-g8fm42 sitelibdir\=./.gem.20260203-70528-g8fm42 clean
cd libyaml && /Volumes/drive/Applications/Xcode.app/Contents/Developer/usr/bin/make clean
/bin/sh: line 0: cd: libyaml: No such file or directory
make: [clean-so] Error 1 (ignored)

current directory: /Volumes/drive/lastsignal/vendor/bundle/ruby/3.4.0/gems/psych-5.3.1/ext/psych
make -j11 DESTDIR\= sitearchdir\=./.gem.20260203-70528-g8fm42 sitelibdir\=./.gem.20260203-70528-g8fm42
compiling psych.c
compiling psych_emitter.c
compiling psych_parser.c
compiling psych_to_ruby.c
compiling psych_yaml_tree.c
linking shared-object psych.bundle

current directory: /Volumes/drive/lastsignal/vendor/bundle/ruby/3.4.0/gems/psych-5.3.1/ext/psych
make -j11 DESTDIR\= sitearchdir\=./.gem.20260203-70528-g8fm42 sitelibdir\=./.gem.20260203-70528-g8fm42 install
/usr/bin/install -c -m 0755 psych.bundle ./.gem.20260203-70528-g8fm42

current directory: /Volumes/drive/lastsignal/vendor/bundle/ruby/3.4.0/gems/psych-5.3.1/ext/psych
make DESTDIR\= sitearchdir\=./.gem.20260203-70528-g8fm42 sitelibdir\=./.gem.20260203-70528-g8fm42 clean
cd libyaml && /Volumes/drive/Applications/Xcode.app/Contents/Developer/usr/bin/make clean
/bin/sh: line 0: cd: libyaml: No such file or directory
make: [clean-so] Error 1 (ignored)
