current directory: /Volumes/drive/lastsignal/vendor/bundle/ruby/3.4.0/gems/json-2.18.0/ext/json/ext/parser
/opt/homebrew/opt/ruby@3.4/bin/ruby extconf.rb
checking for rb_enc_interned_str() in ruby/encoding.h... yes
checking for rb_str_to_interned_str() in ruby.h... yes
checking for rb_hash_new_capa() in ruby.h... yes
checking for rb_hash_bulk_insert() in ruby.h... yes
checking for whether -std=c99 is accepted as CFLAGS... yes
checking for arm_neon.h... yes
checking for cpuid.h... no
creating Makefile

current directory: /Volumes/drive/lastsignal/vendor/bundle/ruby/3.4.0/gems/json-2.18.0/ext/json/ext/parser
make -j11 DESTDIR\= sitearchdir\=./.gem.20260203-70528-x39zo4 sitelibdir\=./.gem.20260203-70528-x39zo4 clean

current directory: /Volumes/drive/lastsignal/vendor/bundle/ruby/3.4.0/gems/json-2.18.0/ext/json/ext/parser
make -j11 DESTDIR\= sitearchdir\=./.gem.20260203-70528-x39zo4 sitelibdir\=./.gem.20260203-70528-x39zo4
compiling parser.c
linking shared-object json/ext/parser.bundle

current directory: /Volumes/drive/lastsignal/vendor/bundle/ruby/3.4.0/gems/json-2.18.0/ext/json/ext/parser
make -j11 DESTDIR\= sitearchdir\=./.gem.20260203-70528-x39zo4 sitelibdir\=./.gem.20260203-70528-x39zo4 install
/usr/bin/install -c -m 0755 parser.bundle ./.gem.20260203-70528-x39zo4/json/ext

current directory: /Volumes/drive/lastsignal/vendor/bundle/ruby/3.4.0/gems/json-2.18.0/ext/json/ext/parser
make DESTDIR\= sitearchdir\=./.gem.20260203-70528-x39zo4 sitelibdir\=./.gem.20260203-70528-x39zo4 clean
