current directory: /Volumes/drive/lastsignal/vendor/bundle/ruby/3.4.0/gems/date-3.5.1/ext/date
/opt/homebrew/opt/ruby@3.4/bin/ruby extconf.rb
checking for rb_category_warn()... yes
checking for timezone in time.h with -Werror... yes
checking for altzone in time.h with -Werror... no
creating Makefile

current directory: /Volumes/drive/lastsignal/vendor/bundle/ruby/3.4.0/gems/date-3.5.1/ext/date
make -j11 DESTDIR\= sitearchdir\=./.gem.20260203-70528-871m92 sitelibdir\=./.gem.20260203-70528-871m92 clean

current directory: /Volumes/drive/lastsignal/vendor/bundle/ruby/3.4.0/gems/date-3.5.1/ext/date
make -j11 DESTDIR\= sitearchdir\=./.gem.20260203-70528-871m92 sitelibdir\=./.gem.20260203-70528-871m92
compiling date_core.c
compiling date_parse.c
compiling date_strftime.c
compiling date_strptime.c
linking shared-object date_core.bundle

current directory: /Volumes/drive/lastsignal/vendor/bundle/ruby/3.4.0/gems/date-3.5.1/ext/date
make -j11 DESTDIR\= sitearchdir\=./.gem.20260203-70528-871m92 sitelibdir\=./.gem.20260203-70528-871m92 install
/usr/bin/install -c -m 0755 date_core.bundle ./.gem.20260203-70528-871m92

current directory: /Volumes/drive/lastsignal/vendor/bundle/ruby/3.4.0/gems/date-3.5.1/ext/date
make DESTDIR\= sitearchdir\=./.gem.20260203-70528-871m92 sitelibdir\=./.gem.20260203-70528-871m92 clean
